../Core/Src/main.c:73:6:display7SEG	16	static
../Core/Src/main.c:88:6:update7SEG	16	static
../Core/Src/main.c:129:6:updateClockBuffer	4	static
../Core/Src/main.c:140:6:setTimer0	16	static
../Core/Src/main.c:144:6:timer_run	4	static
../Core/Src/main.c:156:5:main	8	static
../Core/Src/main.c:206:6:SystemClock_Config	72	static
../Core/Src/main.c:243:13:MX_TIM2_Init	32	static
../Core/Src/main.c:288:13:MX_GPIO_Init	32	static
../Core/Src/main.c:329:6:HAL_TIM_PeriodElapsedCallback	16	static
../Core/Src/main.c:338:6:Error_Handler	4	static,ignoring_inline_asm
