../Core/Src/main.c:73:6:display7SEG	16	static
../Core/Src/main.c:88:6:update7SEG	16	static
../Core/Src/main.c:129:6:updateClockBuffer	4	static
../Core/Src/main.c:141:6:displayLEDMatrix	16	static
../Core/Src/main.c:196:6:updateLEDMatrix	16	static
../Core/Src/main.c:292:6:shiftLeft	16	static
../Core/Src/main.c:305:5:main	8	static
../Core/Src/main.c:424:6:SystemClock_Config	72	static
../Core/Src/main.c:461:13:MX_TIM2_Init	32	static
../Core/Src/main.c:506:13:MX_GPIO_Init	32	static
../Core/Src/main.c:559:6:HAL_TIM_PeriodElapsedCallback	16	static
../Core/Src/main.c:568:6:Error_Handler	4	static,ignoring_inline_asm
